#
# There is insufficient memory for the Java Runtime Environment to continue.
# Native memory allocation (malloc) failed to allocate 1048576 bytes. Error detail: AllocateHeap
# Possible reasons:
#   The system is out of physical RAM or swap space
#   This process is running with CompressedOops enabled, and the Java Heap may be blocking the growth of the native heap
# Possible solutions:
#   Reduce memory load on the system
#   Increase physical memory or swap space
#   Check if swap backing store is full
#   Decrease Java heap size (-Xmx/-Xms)
#   Decrease number of Java threads
#   Decrease Java thread stack sizes (-Xss)
#   Set larger code cache with -XX:ReservedCodeCacheSize=
#   JVM is running with Unscaled Compressed Oops mode in which the Java heap is
#     placed in the first 4GB address space. The Java Heap base address is the
#     maximum limit for the native heap growth. Please use -XX:HeapBaseMinAddress
#     to set the Java Heap base and to place the Java Heap above 4GB virtual address.
# This output file may be truncated or incomplete.
#
#  Out of Memory Error (allocation.cpp:44), pid=33752, tid=26928
#
# JRE version:  (21.0.10+7) (build )
# Java VM: OpenJDK 64-Bit Server VM (21.0.10+7-LTS, mixed mode, tiered, compressed oops, compressed class ptrs, parallel gc, windows-amd64)
# No core dump will be written. Minidumps are not enabled by default on client versions of Windows
#

---------------  S U M M A R Y ------------

Command Line: --add-modules=ALL-SYSTEM --add-opens=java.base/java.util=ALL-UNNAMED --add-opens=java.base/java.lang=ALL-UNNAMED --add-opens=java.base/sun.nio.fs=ALL-UNNAMED -Declipse.application=org.eclipse.jdt.ls.core.id1 -Dosgi.bundles.defaultStartLevel=4 -Declipse.product=org.eclipse.jdt.ls.core.product -Djava.import.generatesMetadataFilesAtProjectRoot=false -DDetectVMInstallationsJob.disabled=true -Dfile.encoding=utf8 -XX:+UseParallelGC -XX:GCTimeRatio=4 -XX:AdaptiveSizePolicyWeight=90 -Dsun.zip.disableMemoryMapping=true -Xmx2G -Xms100m -Xlog:disable -javaagent:c:\Users\ravi kumar\.vscode\extensions\redhat.java-1.54.0-win32-x64\lombok\lombok-1.18.39-4050.jar -XX:+HeapDumpOnOutOfMemoryError -XX:HeapDumpPath=c:\Users\ravi kumar\AppData\Roaming\Code\User\workspaceStorage\61341d91b3f434a78b24ed6f2b3d192c\redhat.java -Daether.dependencyCollector.impl=bf c:\Users\ravi kumar\.vscode\extensions\redhat.java-1.54.0-win32-x64\server\plugins\org.eclipse.equinox.launcher_1.7.100.v20251111-0406.jar -configuration c:\Users\ravi kumar\AppData\Roaming\Code\User\globalStorage\redhat.java\1.54.0\config_win -data c:\Users\ravi kumar\AppData\Roaming\Code\User\workspaceStorage\61341d91b3f434a78b24ed6f2b3d192c\redhat.java\jdt_ws --pipe=\\.\pipe\lsp-fd99320dc45004cf65af79f4d2b1e15f-sock

Host: AMD Ryzen 5 5600H with Radeon Graphics         , 12 cores, 7G,  Windows 11 , 64 bit Build 26100 (10.0.26100.8521)
Time: Fri May 29 19:48:00 2026 India Standard Time elapsed time: 0.141652 seconds (0d 0h 0m 0s)

---------------  T H R E A D  ---------------

Current thread (0x000001cf2b67d0a0):  JavaThread "Unknown thread" [_thread_in_vm, id=26928, stack(0x00000078ce800000,0x00000078ce900000) (1024K)]

Stack: [0x00000078ce800000,0x00000078ce900000]
Native frames: (J=compiled Java code, j=interpreted, Vv=VM code, C=native code)
V  [jvm.dll+0x6d7a39]
V  [jvm.dll+0x8b4b26]
V  [jvm.dll+0x8b70de]
V  [jvm.dll+0x8b77c3]
V  [jvm.dll+0x284346]
V  [jvm.dll+0xc1277]
V  [jvm.dll+0x70ba02]
V  [jvm.dll+0x70c73c]
V  [jvm.dll+0x6e65d3]
V  [jvm.dll+0x87f17c]
V  [jvm.dll+0x3c49fc]
V  [jvm.dll+0x867e6b]
V  [jvm.dll+0x457b31]
V  [jvm.dll+0x459721]
C  [jli.dll+0x52d0]
C  [ucrtbase.dll+0x2cd30]
C  [KERNEL32.DLL+0x2e957]
C  [ntdll.dll+0x87c1c]


---------------  P R O C E S S  ---------------

Threads class SMR info:
_java_thread_list=0x000001cf2d8fa4f0, length=1, elements={
0x000001cf2b67d0a0
}

Java Threads: ( => current thread )
=>0x000001cf2b67d0a0 JavaThread "Unknown thread"             [_thread_in_vm, id=26928, stack(0x00000078ce800000,0x00000078ce900000) (1024K)]
Total: 1

Other Threads:
  0x000001cf2d8fba00 WatcherThread "VM Periodic Task Thread"        [id=26620, stack(0x00000078cea00000,0x00000078ceb00000) (1024K)]
  0x000001cf2da8c6c0 WorkerThread "GC Thread#0"                     [id=34368, stack(0x00000078ce900000,0x00000078cea00000) (1024K)]
Total: 2

Threads with active compile tasks:
Total: 0

VM state: not at safepoint (normal execution)

VM Mutex/Monitor currently owned by a thread: None

Heap address: 0x0000000080000000, size: 2048 MB, Compressed Oops mode: 32-bit

CDS archive(s) not mapped
Compressed class space mapped at: 0x0000000100000000-0x0000000140000000, reserved size: 1073741824
Narrow klass base: 0x0000000000000000, Narrow klass shift: 3, Narrow klass range: 0x140000000

GC Precious Log:
 CardTable entry size: 512
 CPUs: 12 total, 12 available
 Memory: 7518M
 Large Page Support: Disabled
 NUMA Support: Disabled
 Compressed Oops: Enabled (32-bit)
 Alignments: Space 512K, Generation 512K, Heap 2M
 Heap Min Capacity: 100M
 Heap Initial Capacity: 100M
 Heap Max Capacity: 2G
 Pre-touch: Disabled
 Parallel Workers: 10

Heap:
 PSYoungGen      total 29696K, used 512K [0x00000000d5580000, 0x00000000d7680000, 0x0000000100000000)
  eden space 25600K, 2% used [0x00000000d5580000,0x00000000d5600070,0x00000000d6e80000)
  from space 4096K, 0% used [0x00000000d7280000,0x00000000d7280000,0x00000000d7680000)
  to   space 4096K, 0% used [0x00000000d6e80000,0x00000000d6e80000,0x00000000d7280000)
 ParOldGen       total 68608K, used 0K [0x0000000080000000, 0x0000000084300000, 0x00000000d5580000)
  object space 68608K, 0% used [0x0000000080000000,0x0000000080000000,0x0000000084300000)
 Metaspace       used 1381K, committed 1408K, reserved 1114112K
  class space    used 111K, committed 128K, reserved 1048576K

Card table byte_map: [0x000001cf2d410000,0x000001cf2d820000] _byte_map_base: 0x000001cf2d010000

Marking Bits: (ParMarkBitMap*) 0x00007ffaf6c93450
 Begin Bits: [0x000001cf3ff20000, 0x000001cf41f20000)
 End Bits:   [0x000001cf41f20000, 0x000001cf43f20000)

Polling page: 0x000001cf2b8c0000

Metaspace:

Usage:
  Non-class:      1.24 MB used.
      Class:    111.10 KB used.
       Both:      1.35 MB used.

Virtual space:
  Non-class space:       64.00 MB reserved,       1.25 MB (  2%) committed,  1 nodes.
      Class space:        1.00 GB reserved,     128.00 KB ( <1%) committed,  1 nodes.
             Both:        1.06 GB reserved,       1.38 MB ( <1%) committed. 

Chunk freelists:
   Non-Class:  12.00 MB
       Class:  15.75 MB
        Both:  27.75 MB

MaxMetaspaceSize: unlimited
CompressedClassSpaceSize: 1.00 GB
Initial GC threshold: 21.00 MB
Current GC threshold: 17179869184.00 GB
CDS: off
 - commit_granule_bytes: 65536.
 - commit_granule_words: 8192.
 - virtual_space_node_default_size: 8388608.
 - enlarge_chunks_in_place: 1.
 - use_allocation_guard: 0.


Internal statistics:

num_allocs_failed_limit: 0.
num_arena_births: 2.
num_arena_deaths: 0.
num_vsnodes_births: 2.
num_vsnodes_deaths: 0.
num_space_committed: 22.
num_space_uncommitted: 0.
num_chunks_returned_to_freelist: 0.
num_chunks_taken_from_freelist: 3.
num_chunk_merges: 0.
num_chunk_splits: 2.
num_chunks_enlarged: 0.
num_inconsistent_stats: 0.

CodeHeap 'non-profiled nmethods': size=120000Kb used=0Kb max_used=0Kb free=120000Kb
 bounds [0x000001cf38740000, 0x000001cf389b0000, 0x000001cf3fc70000]
CodeHeap 'profiled nmethods': size=120000Kb used=0Kb max_used=0Kb free=120000Kb
 bounds [0x000001cf30c70000, 0x000001cf30ee0000, 0x000001cf381a0000]
CodeHeap 'non-nmethods': size=5760Kb used=194Kb max_used=342Kb free=5565Kb
 bounds [0x000001cf381a0000, 0x000001cf38410000, 0x000001cf38740000]
CodeCache: size=245760Kb, used=194Kb, max_used=342Kb, free=245565Kb
 total_blobs=70, nmethods=0, adapters=48, full_count=0
Compilation: enabled, stopped_count=0, restarted_count=0

Compilation events (0 events):
No events

GC Heap History (0 events):
No events

Dll operation events (2 events):
Event: 0.026 Loaded shared library c:\Users\ravi kumar\.vscode\extensions\redhat.java-1.54.0-win32-x64\jre\21.0.10-win32-x86_64\bin\java.dll
Event: 0.050 Loaded shared library c:\Users\ravi kumar\.vscode\extensions\redhat.java-1.54.0-win32-x64\jre\21.0.10-win32-x86_64\bin\zip.dll

Deoptimization events (0 events):
No events

Classes loaded (20 events):
Event: 0.124 Loading class java/util/Iterator
Event: 0.124 Loading class java/util/Iterator done
Event: 0.124 Loading class java/lang/reflect/RecordComponent
Event: 0.124 Loading class java/lang/reflect/RecordComponent done
Event: 0.124 Loading class jdk/internal/vm/vector/VectorSupport
Event: 0.125 Loading class jdk/internal/vm/vector/VectorSupport done
Event: 0.125 Loading class jdk/internal/vm/vector/VectorSupport$VectorPayload
Event: 0.125 Loading class jdk/internal/vm/vector/VectorSupport$VectorPayload done
Event: 0.125 Loading class jdk/internal/vm/vector/VectorSupport$Vector
Event: 0.125 Loading class jdk/internal/vm/vector/VectorSupport$Vector done
Event: 0.125 Loading class jdk/internal/vm/vector/VectorSupport$VectorMask
Event: 0.125 Loading class jdk/internal/vm/vector/VectorSupport$VectorMask done
Event: 0.125 Loading class jdk/internal/vm/vector/VectorSupport$VectorShuffle
Event: 0.125 Loading class jdk/internal/vm/vector/VectorSupport$VectorShuffle done
Event: 0.125 Loading class jdk/internal/vm/FillerObject
Event: 0.125 Loading class jdk/internal/vm/FillerObject done
Event: 0.130 Loading class java/lang/NullPointerException
Event: 0.130 Loading class java/lang/NullPointerException done
Event: 0.130 Loading class java/lang/ArithmeticException
Event: 0.131 Loading class java/lang/ArithmeticException done

Classes unloaded (0 events):
No events

Classes redefined (0 events):
No events

Internal exceptions (0 events):
No events

ZGC Phase Switch (0 events):
No events

VM Operations (0 events):
No events

Memory protections (0 events):
No events

Nmethod flushes (0 events):
No events

Events (1 events):
Event: 0.044 Thread 0x000001cf2b67d0a0 Thread added: 0x000001cf2b67d0a0


Dynamic libraries:
0x00007ff7190d0000 - 0x00007ff7190de000 	c:\Users\ravi kumar\.vscode\extensions\redhat.java-1.54.0-win32-x64\jre\21.0.10-win32-x86_64\bin\java.exe
0x00007ffbcdf20000 - 0x00007ffbce186000 	C:\WINDOWS\SYSTEM32\ntdll.dll
0x00007ffbcd940000 - 0x00007ffbcda09000 	C:\WINDOWS\System32\KERNEL32.DLL
0x00007ffbcb5d0000 - 0x00007ffbcb9ca000 	C:\WINDOWS\System32\KERNELBASE.dll
0x00007ffbcb1b0000 - 0x00007ffbcb2fc000 	C:\WINDOWS\System32\ucrtbase.dll
0x00007ffb9c720000 - 0x00007ffb9c73e000 	c:\Users\ravi kumar\.vscode\extensions\redhat.java-1.54.0-win32-x64\jre\21.0.10-win32-x86_64\bin\VCRUNTIME140.dll
0x00007ffb9c6b0000 - 0x00007ffb9c6c8000 	c:\Users\ravi kumar\.vscode\extensions\redhat.java-1.54.0-win32-x64\jre\21.0.10-win32-x86_64\bin\jli.dll
0x00007ffbcdc60000 - 0x00007ffbcde27000 	C:\WINDOWS\System32\USER32.dll
0x00007ffbad670000 - 0x00007ffbad902000 	C:\WINDOWS\WinSxS\amd64_microsoft.windows.common-controls_6595b64144ccf1df_6.0.26100.8521_none_3e08b75ce33403b3\COMCTL32.dll
0x00007ffbcb5a0000 - 0x00007ffbcb5c7000 	C:\WINDOWS\System32\win32u.dll
0x00007ffbcde30000 - 0x00007ffbcded9000 	C:\WINDOWS\System32\msvcrt.dll
0x00007ffbcd090000 - 0x00007ffbcd0bb000 	C:\WINDOWS\System32\GDI32.dll
0x00007ffbcb470000 - 0x00007ffbcb59b000 	C:\WINDOWS\System32\gdi32full.dll
0x00007ffbcb3c0000 - 0x00007ffbcb463000 	C:\WINDOWS\System32\msvcp_win.dll
0x00007ffbcc480000 - 0x00007ffbcc4b2000 	C:\WINDOWS\System32\IMM32.DLL
0x00007ffba4e80000 - 0x00007ffba4e8c000 	c:\Users\ravi kumar\.vscode\extensions\redhat.java-1.54.0-win32-x64\jre\21.0.10-win32-x86_64\bin\vcruntime140_1.dll
0x00007ffb63860000 - 0x00007ffb638ed000 	c:\Users\ravi kumar\.vscode\extensions\redhat.java-1.54.0-win32-x64\jre\21.0.10-win32-x86_64\bin\msvcp140.dll
0x00007ffaf5fd0000 - 0x00007ffaf6d71000 	c:\Users\ravi kumar\.vscode\extensions\redhat.java-1.54.0-win32-x64\jre\21.0.10-win32-x86_64\bin\server\jvm.dll
0x00007ffbcc0c0000 - 0x00007ffbcc176000 	C:\WINDOWS\System32\ADVAPI32.dll
0x00007ffbcda90000 - 0x00007ffbcdb3a000 	C:\WINDOWS\System32\sechost.dll
0x00007ffbcce10000 - 0x00007ffbccf28000 	C:\WINDOWS\System32\RPCRT4.dll
0x00007ffbcc2e0000 - 0x00007ffbcc360000 	C:\WINDOWS\System32\WS2_32.dll
0x00007ffbc40c0000 - 0x00007ffbc40f6000 	C:\WINDOWS\SYSTEM32\WINMM.dll
0x00007ffbcb010000 - 0x00007ffbcb06e000 	C:\WINDOWS\SYSTEM32\POWRPROF.dll
0x00007ffbc4100000 - 0x00007ffbc410b000 	C:\WINDOWS\SYSTEM32\VERSION.dll
0x00007ffbcaff0000 - 0x00007ffbcb004000 	C:\WINDOWS\SYSTEM32\UMPDC.dll
0x00007ffbc9f40000 - 0x00007ffbc9f5b000 	C:\WINDOWS\SYSTEM32\kernel.appcore.dll
0x00007ffba4cc0000 - 0x00007ffba4cca000 	c:\Users\ravi kumar\.vscode\extensions\redhat.java-1.54.0-win32-x64\jre\21.0.10-win32-x86_64\bin\jimage.dll
0x00007ffbbef40000 - 0x00007ffbbf182000 	C:\WINDOWS\SYSTEM32\DBGHELP.DLL
0x00007ffbcbc90000 - 0x00007ffbcc013000 	C:\WINDOWS\System32\combase.dll
0x00007ffbccfb0000 - 0x00007ffbcd089000 	C:\WINDOWS\System32\OLEAUT32.dll
0x00007ffbaf7e0000 - 0x00007ffbaf81b000 	C:\WINDOWS\SYSTEM32\dbgcore.DLL
0x00007ffbcb9d0000 - 0x00007ffbcba78000 	C:\WINDOWS\System32\bcryptPrimitives.dll
0x00007ffba18f0000 - 0x00007ffba18ff000 	c:\Users\ravi kumar\.vscode\extensions\redhat.java-1.54.0-win32-x64\jre\21.0.10-win32-x86_64\bin\instrument.dll
0x00007ffb95f60000 - 0x00007ffb95f80000 	c:\Users\ravi kumar\.vscode\extensions\redhat.java-1.54.0-win32-x64\jre\21.0.10-win32-x86_64\bin\java.dll
0x00007ffb95f40000 - 0x00007ffb95f58000 	c:\Users\ravi kumar\.vscode\extensions\redhat.java-1.54.0-win32-x64\jre\21.0.10-win32-x86_64\bin\zip.dll

JVMTI agents:
c:\Users\ravi kumar\.vscode\extensions\redhat.java-1.54.0-win32-x64\lombok\lombok-1.18.39-4050.jar path:none, loaded, not initialized, instrumentlib options:none

dbghelp: loaded successfully - version: 4.0.5 - missing functions: none
symbol engine: initialized successfully - sym options: 0x614 - pdb path: .;c:\Users\ravi kumar\.vscode\extensions\redhat.java-1.54.0-win32-x64\jre\21.0.10-win32-x86_64\bin;C:\WINDOWS\SYSTEM32;C:\WINDOWS\WinSxS\amd64_microsoft.windows.common-controls_6595b64144ccf1df_6.0.26100.8521_none_3e08b75ce33403b3;c:\Users\ravi kumar\.vscode\extensions\redhat.java-1.54.0-win32-x64\jre\21.0.10-win32-x86_64\bin\server

VM Arguments:
jvm_args: --add-modules=ALL-SYSTEM --add-opens=java.base/java.util=ALL-UNNAMED --add-opens=java.base/java.lang=ALL-UNNAMED --add-opens=java.base/sun.nio.fs=ALL-UNNAMED -Declipse.application=org.eclipse.jdt.ls.core.id1 -Dosgi.bundles.defaultStartLevel=4 -Declipse.product=org.eclipse.jdt.ls.core.product -Djava.import.generatesMetadataFilesAtProjectRoot=false -DDetectVMInstallationsJob.disabled=true -Dfile.encoding=utf8 -XX:+UseParallelGC -XX:GCTimeRatio=4 -XX:AdaptiveSizePolicyWeight=90 -Dsun.zip.disableMemoryMapping=true -Xmx2G -Xms100m -Xlog:disable -javaagent:c:\Users\ravi kumar\.vscode\extensions\redhat.java-1.54.0-win32-x64\lombok\lombok-1.18.39-4050.jar -XX:+HeapDumpOnOutOfMemoryError -XX:HeapDumpPath=c:\Users\ravi kumar\AppData\Roaming\Code\User\workspaceStorage\61341d91b3f434a78b24ed6f2b3d192c\redhat.java -Daether.dependencyCollector.impl=bf 
java_command: c:\Users\ravi kumar\.vscode\extensions\redhat.java-1.54.0-win32-x64\server\plugins\org.eclipse.equinox.launcher_1.7.100.v20251111-0406.jar -configuration c:\Users\ravi kumar\AppData\Roaming\Code\User\globalStorage\redhat.java\1.54.0\config_win -data c:\Users\ravi kumar\AppData\Roaming\Code\User\workspaceStorage\61341d91b3f434a78b24ed6f2b3d192c\redhat.java\jdt_ws --pipe=\\.\pipe\lsp-fd99320dc45004cf65af79f4d2b1e15f-sock
java_class_path (initial): c:\Users\ravi kumar\.vscode\extensions\redhat.java-1.54.0-win32-x64\server\plugins\org.eclipse.equinox.launcher_1.7.100.v20251111-0406.jar
Launcher Type: SUN_STANDARD

[Global flags]
    uintx AdaptiveSizePolicyWeight                 = 90                                        {product} {command line}
     intx CICompilerCount                          = 4                                         {product} {ergonomic}
    uintx GCTimeRatio                              = 4                                         {product} {command line}
     bool HeapDumpOnOutOfMemoryError               = true                                   {manageable} {command line}
    ccstr HeapDumpPath                             = c:\Users\ravi kumar\AppData\Roaming\Code\User\workspaceStorage\61341d91b3f434a78b24ed6f2b3d192c\redhat.java         {manageable} {command line}
   size_t InitialHeapSize                          = 104857600                                 {product} {command line}
   size_t MaxHeapSize                              = 2147483648                                {product} {command line}
   size_t MaxNewSize                               = 715653120                                 {product} {ergonomic}
   size_t MinHeapDeltaBytes                        = 524288                                    {product} {ergonomic}
   size_t MinHeapSize                              = 104857600                                 {product} {command line}
   size_t NewSize                                  = 34603008                                  {product} {ergonomic}
    uintx NonNMethodCodeHeapSize                   = 5839372                                {pd product} {ergonomic}
    uintx NonProfiledCodeHeapSize                  = 122909434                              {pd product} {ergonomic}
   size_t OldSize                                  = 70254592                                  {product} {ergonomic}
    uintx ProfiledCodeHeapSize                     = 122909434                              {pd product} {ergonomic}
    uintx ReservedCodeCacheSize                    = 251658240                              {pd product} {ergonomic}
     bool SegmentedCodeCache                       = true                                      {product} {ergonomic}
   size_t SoftMaxHeapSize                          = 2147483648                             {manageable} {ergonomic}
     bool UseCompressedOops                        = true                           {product lp64_product} {ergonomic}
     bool UseLargePagesIndividualAllocation        = false                                  {pd product} {ergonomic}
     bool UseParallelGC                            = true                                      {product} {command line}

Logging:
Log output configuration:
 #0: stdout all=off uptime,level,tags foldmultilines=false
 #1: stderr all=off uptime,level,tags foldmultilines=false

Release file:
<release file has not been read>
Environment Variables:
JAVA_HOME=C:\Program Files\Java\jdk-21
PATH=C:\Program Files\Common Files\Oracle\Java\javapath;C:\Python313\Scripts\;C:\Python313\;C:\WINDOWS\system32;C:\WINDOWS;C:\WINDOWS\System32\Wbem;C:\WINDOWS\System32\WindowsPowerShell\v1.0\;C:\WINDOWS\System32\OpenSSH\;C:\Program Files\Java\jdk-23\bin;C:\ProgramData\chocolatey\bin;C:\Users\ravi kumar\Downloads\hashcat-6.2.6\hashcat-6.2.6;C:\Program Files\Git\cmd;C:\Program Files\nodejs\;C:\Program Files\Java\jdk-21\bin;C:\Program Files\Java\jdk-21\bin;C:\Program Files\Docker\Docker\resources\bin;C:\Users\ravi kumar\AppData\Local\agy\bin;C:\Program Files\Common Files\Oracle\Java\javapath;C:\Python313\Scripts\;C:\Python313\;C:\WINDOWS\system32;C:\WINDOWS;C:\WINDOWS\System32\Wbem;C:\WINDOWS\System32\WindowsPowerShell\v1.0\;C:\WINDOWS\System32\OpenSSH\;C:\Program Files\Java\jdk-23\bin;C:\ProgramData\chocolatey\bin;C:\Users\ravi kumar\Downloads\hashcat-6.2.6\hashcat-6.2.6;C:\Program Files\Git\cmd;C:\Program Files\nodejs\;C:\Program Files\Java\jdk-21\bin;C:\Program Files\Java\jdk-21\bin;C:\Program Files\Docker\Docker\resources\bin;C:\Program Files\Common Files\Oracle\Java\javapath;C:\Python313\Scripts\;C:\Python313\;C:\WINDOWS\system32;C:\WINDOWS;C:\WINDOWS\System32\Wbem;C:\WINDOWS\System32\WindowsPowerShell\v1.0\;C:\WINDOWS\System32\OpenSSH\;C:\Program Files\Java\jdk-23\bin;C:\ProgramData\chocolatey\bin;C:\Users\ravi kumar\Downloads\hashcat-6.2.6\hashcat-6.2.6;C:\Program Files\Git\cmd;C:\Program Files\nodejs\;C:\Program Files\Java\jdk-21\bin;C:\Program Files\Java\jdk-21\bin;C:\Python313\Scripts\;C:\Python313\;C:\Program Files\Common Files\Oracle\Java\javapath;C:\WINDOWS\system32;C:\WINDOWS;C:\WINDOWS\System32\Wbem;C:\WINDOWS\System32\WindowsPowerShell\v1.0\;C:\WINDOWS\System32\OpenSSH\;C:\Program Files\HP\HP One Agent;C:\Program Files\Java\jdk-23\bin;C:\ProgramData\chocolatey\bin;C:\Users\ravi kumar\Downloads\hashcat-6.2.6\hashcat-6.2.6;C:\Program Files\Git\cmd;C:\Program Files\nodejs\;C:\Users\ravi kumar\AppData\Local\Programs\Python\Python310\Scripts\;C:\Users\ravi kumar\AppData\Local\Programs\Python\Python310\;C:\Users\ravi kumar\A;C:\Users\ravi kumar\AppData\Local\Programs\Microsoft VS Code\bin;C:\Users\ravi kumar\AppData\Local\Programs\Antigravity\bin;C:\Users\ravi kumar\AppData\Local\Programs\Antigravity IDE\bin;C:\Users\ravi kumar\AppData\Roaming\Python\Python313\Scripts
USERNAME=ravi kumar
OS=Windows_NT
PROCESSOR_IDENTIFIER=AMD64 Family 25 Model 80 Stepping 0, AuthenticAMD
TMP=C:\Users\RAVIKU~1\AppData\Local\Temp
TEMP=C:\Users\RAVIKU~1\AppData\Local\Temp




Periodic native trim disabled

---------------  S Y S T E M  ---------------

OS:
 Windows 11 , 64 bit Build 26100 (10.0.26100.8521)
OS uptime: 1 days 6:29 hours
Hyper-V role detected

CPU: total 12 (initial active 12) (12 cores per cpu, 2 threads per core) family 25 model 80 stepping 0 microcode 0xa500011, cx8, cmov, fxsr, ht, mmx, 3dnowpref, sse, sse2, sse3, ssse3, sse4a, sse4.1, sse4.2, popcnt, lzcnt, tsc, tscinvbit, avx, avx2, aes, erms, clmul, bmi1, bmi2, adx, sha, fma, vzeroupper, clflush, clflushopt, hv, rdtscp, rdpid, fsrm, f16c, cet_ss
Processor Information for the first 12 processors :
  Max Mhz: 3301, Current Mhz: 1908, Mhz Limit: 3301

Memory: 4k page, system-wide physical 7518M (951M free)
TotalPageFile size 31069M (AvailPageFile size 7M)
current process WorkingSet (physical memory assigned to process): 19M, peak: 19M
current process commit charge ("private bytes"): 183M, peak: 191M

vm_info: OpenJDK 64-Bit Server VM (21.0.10+7-LTS) for windows-amd64 JRE (21.0.10+7-LTS), built on 2026-01-20T00:00:00Z by "admin" with MS VC++ 17.12 (VS2022)

END.
